// Jest Snapshot v1, https://goo.gl/fbAQLP

exports[`image slider - change images on clicking 1`] = `
<div
  style={
    Object {
      "textAlign": "center",
    }
  }
>
  <img
    alt=""
    className="img-content"
    src="https://backendapi.turing.com/images/products/image1"
    width={200}
  />
  <div
    style={
      Object {
        "borderBottom": "#ccc dotted thin",
        "marginBottom": 5,
        "marginTop": 5,
      }
    }
  />
  <img
    alt=""
    className="img1"
    onClick={[Function]}
    src="https://backendapi.turing.com/images/products/image1"
    style={
      Object {
        "cursor": "pointer",
        "paddingRight": 10,
      }
    }
    width={50}
  />
  <img
    alt=""
    className="img2"
    onClick={[Function]}
    src="https://backendapi.turing.com/images/products/image2"
    style={
      Object {
        "cursor": "pointer",
      }
    }
    width={38}
  />
</div>
`;

exports[`image slider - change images on clicking 2`] = `
<div
  style={
    Object {
      "textAlign": "center",
    }
  }
>
  <img
    alt=""
    className="img-content"
    src="https://backendapi.turing.com/images/products/image2"
    width={200}
  />
  <div
    style={
      Object {
        "borderBottom": "#ccc dotted thin",
        "marginBottom": 5,
        "marginTop": 5,
      }
    }
  />
  <img
    alt=""
    className="img1"
    onClick={[Function]}
    src="https://backendapi.turing.com/images/products/image1"
    style={
      Object {
        "cursor": "pointer",
        "paddingRight": 10,
      }
    }
    width={50}
  />
  <img
    alt=""
    className="img2"
    onClick={[Function]}
    src="https://backendapi.turing.com/images/products/image2"
    style={
      Object {
        "cursor": "pointer",
      }
    }
    width={38}
  />
</div>
`;

exports[`image slider - change images on clicking 3`] = `
<div
  style={
    Object {
      "textAlign": "center",
    }
  }
>
  <img
    alt=""
    className="img-content"
    src="https://backendapi.turing.com/images/products/image1"
    width={200}
  />
  <div
    style={
      Object {
        "borderBottom": "#ccc dotted thin",
        "marginBottom": 5,
        "marginTop": 5,
      }
    }
  />
  <img
    alt=""
    className="img1"
    onClick={[Function]}
    src="https://backendapi.turing.com/images/products/image1"
    style={
      Object {
        "cursor": "pointer",
        "paddingRight": 10,
      }
    }
    width={50}
  />
  <img
    alt=""
    className="img2"
    onClick={[Function]}
    src="https://backendapi.turing.com/images/products/image2"
    style={
      Object {
        "cursor": "pointer",
      }
    }
    width={38}
  />
</div>
`;
